=========================================================== G-Share Predictor Sweep Complete ===========================================================
+ g++ -std=c++20 -o cbp cbp.cpp -lz -O3 -Wall -Wextra -pedantic -Wold-style-cast -Werror -Wno-deprecated-declarations -Wno-mismatched-tags '-DPREDICTOR=global_predictor<6,6,6,1>'
trace                   : test
instructions            : 2004999
branches                : 396599
conditional branches    : 334545
predictions             : 2004999
extra_cycles            : 334545
short mispredictions    : 166384
block-ending short misp : 166384
mispredictions          : 45667
p1 latency              : 0 cycles
p2 latency              : 0.337 cycles
energy per instruction  : 23 fJ
+ g++ -std=c++20 -o cbp cbp.cpp -lz -O3 -Wall -Wextra -pedantic -Wold-style-cast -Werror -Wno-deprecated-declarations -Wno-mismatched-tags '-DPREDICTOR=global_predictor<8,8,8,1>'
trace                   : test
instructions            : 2004999
branches                : 396599
conditional branches    : 334545
predictions             : 2004999
extra_cycles            : 334545
short mispredictions    : 173411
block-ending short misp : 173411
mispredictions          : 32678
p1 latency              : 0 cycles
p2 latency              : 0.41 cycles
energy per instruction  : 41 fJ
+ g++ -std=c++20 -o cbp cbp.cpp -lz -O3 -Wall -Wextra -pedantic -Wold-style-cast -Werror -Wno-deprecated-declarations -Wno-mismatched-tags '-DPREDICTOR=global_predictor<10,10,10,1>'
trace                   : test
instructions            : 2004999
branches                : 396599
conditional branches    : 334545
predictions             : 2004999
extra_cycles            : 334545
short mispredictions    : 176439
block-ending short misp : 176439
mispredictions          : 26704
p1 latency              : 0 cycles
p2 latency              : 0.45 cycles
energy per instruction  : 75 fJ
+ g++ -std=c++20 -o cbp cbp.cpp -lz -O3 -Wall -Wextra -pedantic -Wold-style-cast -Werror -Wno-deprecated-declarations -Wno-mismatched-tags '-DPREDICTOR=global_predictor<12,12,12,1>'
trace                   : test
instructions            : 2004999
branches                : 396599
conditional branches    : 334545
predictions             : 2004999
extra_cycles            : 334545
short mispredictions    : 176403
block-ending short misp : 176403
mispredictions          : 24776
p1 latency              : 0 cycles
p2 latency              : 0.57 cycles
energy per instruction  : 165 fJ
+ g++ -std=c++20 -o cbp cbp.cpp -lz -O3 -Wall -Wextra -pedantic -Wold-style-cast -Werror -Wno-deprecated-declarations -Wno-mismatched-tags '-DPREDICTOR=global_predictor<14,14,14,1>'
trace                   : test
instructions            : 2004999
branches                : 396599
conditional branches    : 334545
predictions             : 2004999
extra_cycles            : 334545
short mispredictions    : 174827
block-ending short misp : 174827
mispredictions          : 23672
p1 latency              : 0 cycles
p2 latency              : 0.777 cycles
energy per instruction  : 278 fJ
=========================================================== Regular Global Predictor Sweep Complete ===========================================================
+ g++ -std=c++20 -o cbp cbp.cpp -lz -O3 -Wall -Wextra -pedantic -Wold-style-cast -Werror -Wno-deprecated-declarations -Wno-mismatched-tags '-DPREDICTOR=global_predictor<6,6,6,0>'
trace                   : test
instructions            : 2004999
branches                : 396599
conditional branches    : 334545
predictions             : 2004999
extra_cycles            : 334545
short mispredictions    : 167763
block-ending short misp : 167763
mispredictions          : 42733
p1 latency              : 0 cycles
p2 latency              : 0.303 cycles
energy per instruction  : 20 fJ
+ g++ -std=c++20 -o cbp cbp.cpp -lz -O3 -Wall -Wextra -pedantic -Wold-style-cast -Werror -Wno-deprecated-declarations -Wno-mismatched-tags '-DPREDICTOR=global_predictor<8,8,8,0>'
In file included from cbp.cpp:4:
branch_predictor.hpp:13:10: fatal error: predictors/tournament_predictor.hpp: No such file or directory
   13 | #include "predictors/tournament_predictor.hpp"
      |          ^~~~~~~~~~~~~~~~~~~~~~~~~~~~~~~~~~~~~
compilation terminated.
+ g++ -std=c++20 -o cbp cbp.cpp -lz -O3 -Wall -Wextra -pedantic -Wold-style-cast -Werror -Wno-deprecated-declarations -Wno-mismatched-tags '-DPREDICTOR=global_predictor<10,10,10,0>'
In file included from cbp.cpp:4:
branch_predictor.hpp:13:10: fatal error: predictors/tournament_predictor.hpp: No such file or directory
   13 | #include "predictors/tournament_predictor.hpp"
      |          ^~~~~~~~~~~~~~~~~~~~~~~~~~~~~~~~~~~~~
compilation terminated.
+ g++ -std=c++20 -o cbp cbp.cpp -lz -O3 -Wall -Wextra -pedantic -Wold-style-cast -Werror -Wno-deprecated-declarations -Wno-mismatched-tags '-DPREDICTOR=global_predictor<12,12,12,0>'
In file included from cbp.cpp:4:
branch_predictor.hpp:13:10: fatal error: predictors/tournament_predictor.hpp: No such file or directory
   13 | #include "predictors/tournament_predictor.hpp"
      |          ^~~~~~~~~~~~~~~~~~~~~~~~~~~~~~~~~~~~~
compilation terminated.
+ g++ -std=c++20 -o cbp cbp.cpp -lz -O3 -Wall -Wextra -pedantic -Wold-style-cast -Werror -Wno-deprecated-declarations -Wno-mismatched-tags '-DPREDICTOR=global_predictor<14,14,14,0>'
In file included from cbp.cpp:4:
branch_predictor.hpp:13:10: fatal error: predictors/tournament_predictor.hpp: No such file or directory
   13 | #include "predictors/tournament_predictor.hpp"
      |          ^~~~~~~~~~~~~~~~~~~~~~~~~~~~~~~~~~~~~
compilation terminated.
=========================================================== Local Predictor Sweep Complete ===========================================================
=====================================
6, 8, 10, 12, 14
=====================================
+ g++ -std=c++20 -o cbp cbp.cpp -lz -O3 -Wall -Wextra -pedantic -Wold-style-cast -Werror -Wno-deprecated-declarations -Wno-mismatched-tags '-DPREDICTOR=two_level_local<6,6,3>'
In file included from cbp.cpp:4:
branch_predictor.hpp:13:10: fatal error: predictors/tournament_predictor.hpp: No such file or directory
   13 | #include "predictors/tournament_predictor.hpp"
      |          ^~~~~~~~~~~~~~~~~~~~~~~~~~~~~~~~~~~~~
compilation terminated.
+ g++ -std=c++20 -o cbp cbp.cpp -lz -O3 -Wall -Wextra -pedantic -Wold-style-cast -Werror -Wno-deprecated-declarations -Wno-mismatched-tags '-DPREDICTOR=two_level_local<8,8,3>'
In file included from cbp.cpp:4:
branch_predictor.hpp:13:10: fatal error: predictors/tournament_predictor.hpp: No such file or directory
   13 | #include "predictors/tournament_predictor.hpp"
      |          ^~~~~~~~~~~~~~~~~~~~~~~~~~~~~~~~~~~~~
compilation terminated.
+ g++ -std=c++20 -o cbp cbp.cpp -lz -O3 -Wall -Wextra -pedantic -Wold-style-cast -Werror -Wno-deprecated-declarations -Wno-mismatched-tags '-DPREDICTOR=two_level_local<10,10,3>'
In file included from cbp.cpp:4:
branch_predictor.hpp:13:10: fatal error: predictors/tournament_predictor.hpp: No such file or directory
   13 | #include "predictors/tournament_predictor.hpp"
      |          ^~~~~~~~~~~~~~~~~~~~~~~~~~~~~~~~~~~~~
compilation terminated.
+ g++ -std=c++20 -o cbp cbp.cpp -lz -O3 -Wall -Wextra -pedantic -Wold-style-cast -Werror -Wno-deprecated-declarations -Wno-mismatched-tags '-DPREDICTOR=two_level_local<12,12,3>'
In file included from cbp.cpp:4:
branch_predictor.hpp:13:10: fatal error: predictors/tournament_predictor.hpp: No such file or directory
   13 | #include "predictors/tournament_predictor.hpp"
      |          ^~~~~~~~~~~~~~~~~~~~~~~~~~~~~~~~~~~~~
compilation terminated.
+ g++ -std=c++20 -o cbp cbp.cpp -lz -O3 -Wall -Wextra -pedantic -Wold-style-cast -Werror -Wno-deprecated-declarations -Wno-mismatched-tags '-DPREDICTOR=two_level_local<14,14,3>'
In file included from cbp.cpp:4:
branch_predictor.hpp:13:10: fatal error: predictors/tournament_predictor.hpp: No such file or directory
   13 | #include "predictors/tournament_predictor.hpp"
      |          ^~~~~~~~~~~~~~~~~~~~~~~~~~~~~~~~~~~~~
compilation terminated.
